---
source: compiler-core/src/language_server/tests/inlay_hints.rs
expression: hints
---
[
  {
    "position": {
      "line": 2,
      "character": 21
    },
    "label": ": a",
    "kind": 1,
    "paddingLeft": false
  }
]
