---
source: compiler-core/src/language_server/tests/inlay_hints.rs
expression: hints
---
[
  {
    "position": {
      "line": 3,
      "character": 13
    },
    "label": "a",
    "kind": 1,
    "paddingLeft": true
  },
  {
    "position": {
      "line": 8,
      "character": 13
    },
    "label": "a",
    "kind": 1,
    "paddingLeft": true
  },
  {
    "position": {
      "line": 13,
      "character": 13
    },
    "label": "a",
    "kind": 1,
    "paddingLeft": true
  },
  {
    "position": {
      "line": 18,
      "character": 13
    },
    "label": "a",
    "kind": 1,
    "paddingLeft": true
  }
]
