---
source: compiler-core/src/language_server/tests/inlay_hints.rs
expression: hints
---
[
  {
    "position": {
      "line": 1,
      "character": 21
    },
    "label": "-> Int",
    "kind": 1,
    "paddingLeft": true
  }
]
