---
source: compiler-core/src/language_server/tests/hover.rs
expression: hover
---
Hover {
    contents: Scalar(
        String(
            "```gleam\nexample_module.T\n```",
        ),
    ),
    range: Some(
        Range {
            start: Position {
                line: 3,
                character: 8,
            },
            end: Position {
                line: 3,
                character: 16,
            },
        },
    ),
}
