---
source: compiler-core/src/language_server/tests/inlay_hints.rs
expression: hints
---
[
  {
    "position": {
      "line": 10,
      "character": 25
    },
    "label": "Int",
    "kind": 1,
    "paddingLeft": true
  },
  {
    "position": {
      "line": 11,
      "character": 31
    },
    "label": "Int",
    "kind": 1,
    "paddingLeft": true
  }
]
